// Jest Snapshot v1, https://goo.gl/fbAQLP

exports[`Route Wrapper Component tests Snapshot test 1`] = `
<DocumentFragment>
  <h1>
    Doctor
  </h1>
</DocumentFragment>
`;
