// Jest Snapshot v1, https://goo.gl/fbAQLP

exports[`User Provider tests Snapshot test 1`] = `
<DocumentFragment>
  <h2 />
  <h2 />
</DocumentFragment>
`;
