// Jest Snapshot v1, https://goo.gl/fbAQLP

exports[`Sign up tests Render the button to switch to sign in form 1`] = `
<DocumentFragment>
  <div
    class="ant-space css-dev-only-do-not-override-1adbn6x ant-space-vertical ant-space-gap-row-small ant-space-gap-col-small xs:w-full xs:mb-8 xs:h-[20%] md:mb-0 md:w-[45%] bg-primary rounded-[30px] px-6 md:h-full flex justify-center items-center"
  >
    <div
      class="ant-space-item"
    >
      <h1
        class="text-center text-4xl text-white mb-4 xs:mt-4 md:mt-0 xs:hidden md:block"
      >
        ePrescripto
      </h1>
    </div>
    <div
      class="ant-space-item"
    >
      <div
        class="ant-steps ant-steps-vertical xs:mt-8 md:mt-0 md:h-[35vh] css-dev-only-do-not-override-1adbn6x"
      >
        <div
          class="ant-steps-item ant-steps-item-process ant-steps-item-active"
        >
          <div
            class="ant-steps-item-container"
          >
            <div
              class="ant-steps-item-tail"
            />
            <div
              class="ant-steps-item-icon"
            >
              <span
                class="ant-steps-icon"
              >
                1
              </span>
            </div>
            <div
              class="ant-steps-item-content"
            >
              <div
                class="ant-steps-item-title"
              >
                Step 1
              </div>
              <div
                class="ant-steps-item-description"
              >
                Personal Info
              </div>
            </div>
          </div>
        </div>
        <div
          class="ant-steps-item ant-steps-item-wait"
        >
          <div
            class="ant-steps-item-container"
          >
            <div
              class="ant-steps-item-tail"
            />
            <div
              class="ant-steps-item-icon"
            >
              <span
                class="ant-steps-icon"
              >
                2
              </span>
            </div>
            <div
              class="ant-steps-item-content"
            >
              <div
                class="ant-steps-item-title"
              >
                Step 2
              </div>
              <div
                class="ant-steps-item-description"
              >
                Personal Address
              </div>
            </div>
          </div>
        </div>
        <div
          class="ant-steps-item ant-steps-item-wait"
        >
          <div
            class="ant-steps-item-container"
          >
            <div
              class="ant-steps-item-tail"
            />
            <div
              class="ant-steps-item-icon"
            >
              <span
                class="ant-steps-icon"
              >
                3
              </span>
            </div>
            <div
              class="ant-steps-item-content"
            >
              <div
                class="ant-steps-item-title"
              >
                Step 3
              </div>
              <div
                class="ant-steps-item-description"
              >
                Professional Info
              </div>
            </div>
          </div>
        </div>
        <div
          class="ant-steps-item ant-steps-item-wait"
        >
          <div
            class="ant-steps-item-container"
          >
            <div
              class="ant-steps-item-tail"
            />
            <div
              class="ant-steps-item-icon"
            >
              <span
                class="ant-steps-icon"
              >
                4
              </span>
            </div>
            <div
              class="ant-steps-item-content"
            >
              <div
                class="ant-steps-item-title"
              >
                Step 4
              </div>
              <div
                class="ant-steps-item-description"
              >
                Finish
              </div>
            </div>
          </div>
        </div>
      </div>
    </div>
  </div>
  <div
    class="ant-space css-dev-only-do-not-override-1adbn6x ant-space-vertical ant-space-gap-row-small ant-space-gap-col-small w-full h-5/6 px-8"
  >
    <div
      class="ant-space-item"
    >
      <div
        class="text-[34px]"
      >
        Create Account
      </div>
    </div>
    <div
      class="ant-space-item"
    >
      <div>
        <h2
          class="text-xl font-bold mb-1"
        >
          Personal Information
        </h2>
        <h1
          class="text-sm font-bold mb-1 text-slate-400 undefined"
        >
          Please enter your personal information
        </h1>
      </div>
    </div>
    <div
      class="ant-space-item"
    >
      <form
        class="ant-form ant-form-vertical ant-form-large css-dev-only-do-not-override-1adbn6x custom-form flex flex-col gap-4"
        data-testid="sign-up-form"
      >
        <div
          class="ant-form-item text-xl css-dev-only-do-not-override-1adbn6x"
        >
          <div
            class="ant-row ant-form-item-row css-dev-only-do-not-override-1adbn6x"
          >
            <div
              class="ant-col ant-form-item-label css-dev-only-do-not-override-1adbn6x"
            >
              <label
                class="ant-form-item-required"
                for="docName"
                title="Name"
              >
                Name
              </label>
            </div>
            <div
              class="ant-col ant-form-item-control css-dev-only-do-not-override-1adbn6x"
            >
              <div
                class="ant-form-item-control-input"
              >
                <div
                  class="ant-form-item-control-input-content"
                >
                  <input
                    aria-required="true"
                    class="ant-input ant-input-lg css-dev-only-do-not-override-1adbn6x"
                    id="docName"
                    placeholder="ex. John Doe or Dr. John Doe"
                    type="text"
                    value=""
                  />
                </div>
              </div>
            </div>
          </div>
        </div>
        <div
          class="ant-form-item css-dev-only-do-not-override-1adbn6x"
        >
          <div
            class="ant-row ant-form-item-row css-dev-only-do-not-override-1adbn6x"
          >
            <div
              class="ant-col ant-form-item-label css-dev-only-do-not-override-1adbn6x"
            >
              <label
                class="ant-form-item-required"
                for="email"
                title="Email"
              >
                Email
              </label>
            </div>
            <div
              class="ant-col ant-form-item-control css-dev-only-do-not-override-1adbn6x"
            >
              <div
                class="ant-form-item-control-input"
              >
                <div
                  class="ant-form-item-control-input-content"
                >
                  <input
                    aria-required="true"
                    class="ant-input ant-input-lg css-dev-only-do-not-override-1adbn6x"
                    id="email"
                    placeholder="ex. John@example.com"
                    type="text"
                    value=""
                  />
                </div>
              </div>
            </div>
          </div>
        </div>
        <div
          class="w-full flex justify-between"
        >
          <div
            class="ant-form-item w-[45%] css-dev-only-do-not-override-1adbn6x"
          >
            <div
              class="ant-row ant-form-item-row css-dev-only-do-not-override-1adbn6x"
            >
              <div
                class="ant-col ant-form-item-label css-dev-only-do-not-override-1adbn6x"
              >
                <label
                  class="ant-form-item-required"
                  for="gender"
                  title="Gender"
                >
                  Gender
                </label>
              </div>
              <div
                class="ant-col ant-form-item-control css-dev-only-do-not-override-1adbn6x"
              >
                <div
                  class="ant-form-item-control-input"
                >
                  <div
                    class="ant-form-item-control-input-content"
                  >
                    <div
                      aria-required="true"
                      class="ant-select ant-select-lg ant-select-in-form-item css-dev-only-do-not-override-1adbn6x ant-select-single ant-select-show-arrow"
                      data-testid="gender-select-signup"
                    >
                      <div
                        class="ant-select-selector"
                      >
                        <span
                          class="ant-select-selection-search"
                        >
                          <input
                            aria-autocomplete="list"
                            aria-controls="gender_list"
                            aria-expanded="false"
                            aria-haspopup="listbox"
                            aria-owns="gender_list"
                            aria-required="true"
                            autocomplete="off"
                            class="ant-select-selection-search-input"
                            id="gender"
                            readonly=""
                            role="combobox"
                            style="opacity: 0;"
                            type="search"
                            unselectable="on"
                            value=""
                          />
                        </span>
                        <span
                          class="ant-select-selection-placeholder"
                        >
                          Select a gender
                        </span>
                      </div>
                      <span
                        aria-hidden="true"
                        class="ant-select-arrow"
                        style="user-select: none;"
                        unselectable="on"
                      >
                        <span
                          aria-label="down"
                          class="anticon anticon-down ant-select-suffix"
                          role="img"
                        >
                          <svg
                            aria-hidden="true"
                            data-icon="down"
                            fill="currentColor"
                            focusable="false"
                            height="1em"
                            viewBox="64 64 896 896"
                            width="1em"
                          >
                            <path
                              d="M884 256h-75c-5.1 0-9.9 2.5-12.9 6.6L512 654.2 227.9 262.6c-3-4.1-7.8-6.6-12.9-6.6h-75c-6.5 0-10.3 7.4-6.5 12.7l352.6 486.1c12.8 17.6 39 17.6 51.7 0l352.6-486.1c3.9-5.3.1-12.7-6.4-12.7z"
                            />
                          </svg>
                        </span>
                      </span>
                    </div>
                  </div>
                </div>
              </div>
            </div>
          </div>
          <div
            class="ant-form-item w-[45%] css-dev-only-do-not-override-1adbn6x"
          >
            <div
              class="ant-row ant-form-item-row css-dev-only-do-not-override-1adbn6x"
            >
              <div
                class="ant-col ant-form-item-label css-dev-only-do-not-override-1adbn6x"
              >
                <label
                  class="ant-form-item-required"
                  for="dob"
                  title="Date of Birth"
                >
                  Date of Birth
                </label>
              </div>
              <div
                class="ant-col ant-form-item-control css-dev-only-do-not-override-1adbn6x"
              >
                <div
                  class="ant-form-item-control-input"
                >
                  <div
                    class="ant-form-item-control-input-content"
                  >
                    <input
                      aria-required="true"
                      class="ant-input ant-input-lg css-dev-only-do-not-override-1adbn6x"
                      data-testid="date-signup"
                      id="dob"
                      placeholder="ex. 24"
                      type="date"
                      value=""
                    />
                  </div>
                </div>
              </div>
            </div>
          </div>
        </div>
        <div
          class="ant-space css-dev-only-do-not-override-1adbn6x ant-space-horizontal ant-space-align-center ant-space-gap-row-small ant-space-gap-col-small absolute bottom-8 right-8"
        >
          <div
            class="ant-space-item"
          >
            <button
              class="ant-btn css-dev-only-do-not-override-1adbn6x ant-btn-default ant-btn-lg text-white w-[90px] bg-primary disabled:opacity-50"
              disabled=""
              type="submit"
            >
              <span>
                Next
              </span>
            </button>
          </div>
        </div>
      </form>
    </div>
    <div
      class="ant-space-item"
    >
      <div
        class="absolute bottom-[36px]"
      >
        Already have an account ?
        <span
          class="text-base cursor-pointer text-blue-500 ml-2"
        >
          Sign In
        </span>
      </div>
    </div>
  </div>
</DocumentFragment>
`;
