// Jest Snapshot v1, https://goo.gl/fbAQLP

exports[`MedicationForm Snapshot test 1`] = `
<DocumentFragment>
  <div
    class="mt-4 mb-2 flex justify-between"
  >
    <h2
      class="text-xl"
    >
      Medication
    </h2>
  </div>
  <div
    class="w-full grid sm:grid-cols-2 md:grid-cols-4 gap-x-5 gap-y-3"
  >
    <div
      class="ant-form-item w-full css-dev-only-do-not-override-1adbn6x"
    >
      <div
        class="ant-row ant-form-item-row css-dev-only-do-not-override-1adbn6x"
      >
        <div
          class="ant-col ant-form-item-label css-dev-only-do-not-override-1adbn6x"
        >
          <label
            class="ant-form-item-required"
            for="MedicineName1"
            title="Medicine Name"
          >
            Medicine Name
          </label>
        </div>
        <div
          class="ant-col ant-form-item-control css-dev-only-do-not-override-1adbn6x"
        >
          <div
            class="ant-form-item-control-input"
          >
            <div
              class="ant-form-item-control-input-content"
            >
              <input
                aria-required="true"
                class="ant-input css-dev-only-do-not-override-1adbn6x"
                id="MedicineName1"
                type="text"
                value=""
              />
            </div>
          </div>
        </div>
      </div>
    </div>
    <div
      class="ant-form-item w-full css-dev-only-do-not-override-1adbn6x"
    >
      <div
        class="ant-row ant-form-item-row css-dev-only-do-not-override-1adbn6x"
      >
        <div
          class="ant-col ant-form-item-label css-dev-only-do-not-override-1adbn6x"
        >
          <label
            class="ant-form-item-required"
            for="dosage1"
            title="Dosage"
          >
            Dosage
          </label>
        </div>
        <div
          class="ant-col ant-form-item-control css-dev-only-do-not-override-1adbn6x"
        >
          <div
            class="ant-form-item-control-input"
          >
            <div
              class="ant-form-item-control-input-content"
            >
              <input
                aria-required="true"
                class="ant-input css-dev-only-do-not-override-1adbn6x"
                id="dosage1"
                type="text"
                value=""
              />
            </div>
          </div>
        </div>
      </div>
    </div>
    <div
      class="ant-form-item w-full css-dev-only-do-not-override-1adbn6x"
    >
      <div
        class="ant-row ant-form-item-row css-dev-only-do-not-override-1adbn6x"
      >
        <div
          class="ant-col ant-form-item-label css-dev-only-do-not-override-1adbn6x"
        >
          <label
            class="ant-form-item-required"
            for="frequency1"
            title="Frequency"
          >
            Frequency
          </label>
        </div>
        <div
          class="ant-col ant-form-item-control css-dev-only-do-not-override-1adbn6x"
        >
          <div
            class="ant-form-item-control-input"
          >
            <div
              class="ant-form-item-control-input-content"
            >
              <div
                aria-required="true"
                class="ant-select ant-select-in-form-item css-dev-only-do-not-override-1adbn6x ant-select-single ant-select-show-arrow"
              >
                <div
                  class="ant-select-selector"
                >
                  <span
                    class="ant-select-selection-search"
                  >
                    <input
                      aria-autocomplete="list"
                      aria-controls="frequency1_list"
                      aria-expanded="false"
                      aria-haspopup="listbox"
                      aria-owns="frequency1_list"
                      aria-required="true"
                      autocomplete="off"
                      class="ant-select-selection-search-input"
                      id="frequency1"
                      readonly=""
                      role="combobox"
                      style="opacity: 0;"
                      type="search"
                      unselectable="on"
                      value=""
                    />
                  </span>
                  <span
                    class="ant-select-selection-placeholder"
                  />
                </div>
                <span
                  aria-hidden="true"
                  class="ant-select-arrow"
                  style="user-select: none;"
                  unselectable="on"
                >
                  <span
                    aria-label="down"
                    class="anticon anticon-down ant-select-suffix"
                    role="img"
                  >
                    <svg
                      aria-hidden="true"
                      data-icon="down"
                      fill="currentColor"
                      focusable="false"
                      height="1em"
                      viewBox="64 64 896 896"
                      width="1em"
                    >
                      <path
                        d="M884 256h-75c-5.1 0-9.9 2.5-12.9 6.6L512 654.2 227.9 262.6c-3-4.1-7.8-6.6-12.9-6.6h-75c-6.5 0-10.3 7.4-6.5 12.7l352.6 486.1c12.8 17.6 39 17.6 51.7 0l352.6-486.1c3.9-5.3.1-12.7-6.4-12.7z"
                      />
                    </svg>
                  </span>
                </span>
              </div>
            </div>
          </div>
        </div>
      </div>
    </div>
    <div
      class="flex gap-6"
    >
      <div
        class="ant-form-item w-full css-dev-only-do-not-override-1adbn6x"
      >
        <div
          class="ant-row ant-form-item-row css-dev-only-do-not-override-1adbn6x"
        >
          <div
            class="ant-col ant-form-item-label css-dev-only-do-not-override-1adbn6x"
          >
            <label
              class="ant-form-item-required"
              for="instruction1"
              title="Instruction"
            >
              Instruction
            </label>
          </div>
          <div
            class="ant-col ant-form-item-control css-dev-only-do-not-override-1adbn6x"
          >
            <div
              class="ant-form-item-control-input"
            >
              <div
                class="ant-form-item-control-input-content"
              >
                <div
                  aria-required="true"
                  class="ant-select ant-select-in-form-item css-dev-only-do-not-override-1adbn6x ant-select-single ant-select-show-arrow"
                >
                  <div
                    class="ant-select-selector"
                  >
                    <span
                      class="ant-select-selection-search"
                    >
                      <input
                        aria-autocomplete="list"
                        aria-controls="instruction1_list"
                        aria-expanded="false"
                        aria-haspopup="listbox"
                        aria-owns="instruction1_list"
                        aria-required="true"
                        autocomplete="off"
                        class="ant-select-selection-search-input"
                        id="instruction1"
                        readonly=""
                        role="combobox"
                        style="opacity: 0;"
                        type="search"
                        unselectable="on"
                        value=""
                      />
                    </span>
                    <span
                      class="ant-select-selection-placeholder"
                    />
                  </div>
                  <span
                    aria-hidden="true"
                    class="ant-select-arrow"
                    style="user-select: none;"
                    unselectable="on"
                  >
                    <span
                      aria-label="down"
                      class="anticon anticon-down ant-select-suffix"
                      role="img"
                    >
                      <svg
                        aria-hidden="true"
                        data-icon="down"
                        fill="currentColor"
                        focusable="false"
                        height="1em"
                        viewBox="64 64 896 896"
                        width="1em"
                      >
                        <path
                          d="M884 256h-75c-5.1 0-9.9 2.5-12.9 6.6L512 654.2 227.9 262.6c-3-4.1-7.8-6.6-12.9-6.6h-75c-6.5 0-10.3 7.4-6.5 12.7l352.6 486.1c12.8 17.6 39 17.6 51.7 0l352.6-486.1c3.9-5.3.1-12.7-6.4-12.7z"
                        />
                      </svg>
                    </span>
                  </span>
                </div>
              </div>
            </div>
          </div>
        </div>
      </div>
    </div>
  </div>
</DocumentFragment>
`;
