// Jest Snapshot v1, https://goo.gl/fbAQLP

exports[`PersonalInfoCard Snapshot test 1`] = `
<DocumentFragment>
  <div
    class="ant-card ant-card-bordered css-dev-only-do-not-override-1adbn6x"
  >
    <div
      class="ant-card-body"
    >
      <h1
        class="text-xl font-bold mb-6 undefined"
      >
        Personal Information
      </h1>
      <div>
        <form
          class="ant-form ant-form-vertical css-dev-only-do-not-override-1adbn6x custom-form custom-form-profile w-full flex xs:flex-col xs:items-start sm:items-center sm:justify-between mb-4  sm:flex-row-reverse"
        >
          <div
            class="flex justify-center xs:w-full sm:w-4/12"
          >
            <div
              class="ant-form-item css-dev-only-do-not-override-1adbn6x"
            >
              <div
                class="ant-row ant-form-item-row css-dev-only-do-not-override-1adbn6x"
              >
                <div
                  class="ant-col ant-form-item-control css-dev-only-do-not-override-1adbn6x"
                >
                  <div
                    class="ant-form-item-control-input"
                  >
                    <div
                      class="ant-form-item-control-input-content"
                    >
                      <input
                        accept="image/*"
                        class="ant-input css-dev-only-do-not-override-1adbn6x hidden"
                        id="imageInput"
                        type="file"
                        value=""
                      />
                      <span
                        class="flex flex-col items-center justify-center"
                      >
                        <img
                          alt="Profile Preview"
                          class="xs:w-[120px] md:w-[150px] rounded-[50%] mb-4"
                          src="profilePic.jpg"
                        />
                        <button
                          class="ant-btn css-dev-only-do-not-override-1adbn6x ant-btn-default w-full"
                          disabled=""
                          type="button"
                        >
                          <label
                            for="imageInput"
                          >
                            Change Picture
                          </label>
                        </button>
                      </span>
                    </div>
                  </div>
                </div>
              </div>
            </div>
          </div>
          <div
            class="flex flex-col gap-3 xs:w-full sm:w-7/12 md:w-9/12 xl:w-8/12"
          >
            <div
              class="flex xs:gap-3 md:gap-6 xs:flex-col md:flex-row"
            >
              <div
                class="ant-form-item xs:w-full xl:w-5/12 css-dev-only-do-not-override-1adbn6x"
              >
                <div
                  class="ant-row ant-form-item-row css-dev-only-do-not-override-1adbn6x"
                >
                  <div
                    class="ant-col ant-form-item-label css-dev-only-do-not-override-1adbn6x"
                  >
                    <label
                      class="ant-form-item-required"
                      for="docName"
                      title="Full Name"
                    >
                      Full Name
                    </label>
                  </div>
                  <div
                    class="ant-col ant-form-item-control css-dev-only-do-not-override-1adbn6x"
                  >
                    <div
                      class="ant-form-item-control-input"
                    >
                      <div
                        class="ant-form-item-control-input-content"
                      >
                        <input
                          aria-required="true"
                          class="ant-input ant-input-disabled css-dev-only-do-not-override-1adbn6x"
                          disabled=""
                          id="docName"
                          type="text"
                          value="John Doe"
                        />
                      </div>
                    </div>
                  </div>
                </div>
              </div>
              <div
                class="ant-form-item xs:w-full xl:w-5/12 css-dev-only-do-not-override-1adbn6x"
              >
                <div
                  class="ant-row ant-form-item-row css-dev-only-do-not-override-1adbn6x"
                >
                  <div
                    class="ant-col ant-form-item-label css-dev-only-do-not-override-1adbn6x"
                  >
                    <label
                      class="ant-form-item-required"
                      for="email"
                      title="E-mail"
                    >
                      E-mail
                    </label>
                  </div>
                  <div
                    class="ant-col ant-form-item-control css-dev-only-do-not-override-1adbn6x"
                  >
                    <div
                      class="ant-form-item-control-input"
                    >
                      <div
                        class="ant-form-item-control-input-content"
                      >
                        <input
                          aria-required="true"
                          class="ant-input ant-input-disabled css-dev-only-do-not-override-1adbn6x"
                          disabled=""
                          id="email"
                          type="text"
                          value="john.doe@example.com"
                        />
                      </div>
                    </div>
                  </div>
                </div>
              </div>
            </div>
            <div
              class="flex xs:gap-3 md:gap-6 xs:flex-col md:flex-row"
            >
              <div
                class="ant-form-item xs:w-full xl:w-5/12 css-dev-only-do-not-override-1adbn6x"
              >
                <div
                  class="ant-row ant-form-item-row css-dev-only-do-not-override-1adbn6x"
                >
                  <div
                    class="ant-col ant-form-item-label css-dev-only-do-not-override-1adbn6x"
                  >
                    <label
                      class="ant-form-item-required"
                      for="dob"
                      title="Date of birth"
                    >
                      Date of birth
                    </label>
                  </div>
                  <div
                    class="ant-col ant-form-item-control css-dev-only-do-not-override-1adbn6x"
                  >
                    <div
                      class="ant-form-item-control-input"
                    >
                      <div
                        class="ant-form-item-control-input-content"
                      >
                        <input
                          aria-required="true"
                          class="ant-input ant-input-disabled css-dev-only-do-not-override-1adbn6x"
                          disabled=""
                          id="dob"
                          type="date"
                          value="1/11/1999"
                        />
                      </div>
                    </div>
                  </div>
                </div>
              </div>
              <div
                class="ant-form-item xs:w-full xl:w-5/12 css-dev-only-do-not-override-1adbn6x"
              >
                <div
                  class="ant-row ant-form-item-row css-dev-only-do-not-override-1adbn6x"
                >
                  <div
                    class="ant-col ant-form-item-label css-dev-only-do-not-override-1adbn6x"
                  >
                    <label
                      class="ant-form-item-required"
                      for="gender"
                      title="Gender"
                    >
                      Gender
                    </label>
                  </div>
                  <div
                    class="ant-col ant-form-item-control css-dev-only-do-not-override-1adbn6x"
                  >
                    <div
                      class="ant-form-item-control-input"
                    >
                      <div
                        class="ant-form-item-control-input-content"
                      >
                        <div
                          aria-required="true"
                          class="ant-select ant-select-in-form-item css-dev-only-do-not-override-1adbn6x ant-select-single ant-select-show-arrow ant-select-disabled"
                        >
                          <div
                            class="ant-select-selector"
                          >
                            <span
                              class="ant-select-selection-search"
                            >
                              <input
                                aria-autocomplete="list"
                                aria-controls="gender_list"
                                aria-expanded="false"
                                aria-haspopup="listbox"
                                aria-owns="gender_list"
                                aria-required="true"
                                autocomplete="off"
                                class="ant-select-selection-search-input"
                                disabled=""
                                id="gender"
                                readonly=""
                                role="combobox"
                                style="opacity: 0;"
                                type="search"
                                unselectable="on"
                                value=""
                              />
                            </span>
                            <span
                              class="ant-select-selection-item"
                              title="Male"
                            >
                              Male
                            </span>
                          </div>
                          <span
                            aria-hidden="true"
                            class="ant-select-arrow"
                            style="user-select: none;"
                            unselectable="on"
                          >
                            <span
                              aria-label="down"
                              class="anticon anticon-down ant-select-suffix"
                              role="img"
                            >
                              <svg
                                aria-hidden="true"
                                data-icon="down"
                                fill="currentColor"
                                focusable="false"
                                height="1em"
                                viewBox="64 64 896 896"
                                width="1em"
                              >
                                <path
                                  d="M884 256h-75c-5.1 0-9.9 2.5-12.9 6.6L512 654.2 227.9 262.6c-3-4.1-7.8-6.6-12.9-6.6h-75c-6.5 0-10.3 7.4-6.5 12.7l352.6 486.1c12.8 17.6 39 17.6 51.7 0l352.6-486.1c3.9-5.3.1-12.7-6.4-12.7z"
                                />
                              </svg>
                            </span>
                          </span>
                        </div>
                      </div>
                    </div>
                  </div>
                </div>
              </div>
            </div>
            <div
              class="flex xs:gap-3 md:gap-6 xs:flex-col md:flex-row"
            >
              <div
                class="ant-form-item xs:w-full xl:w-5/12 css-dev-only-do-not-override-1adbn6x"
              >
                <div
                  class="ant-row ant-form-item-row css-dev-only-do-not-override-1adbn6x"
                >
                  <div
                    class="ant-col ant-form-item-label css-dev-only-do-not-override-1adbn6x"
                  >
                    <label
                      class="ant-form-item-required"
                      for="city"
                      title="City"
                    >
                      City
                    </label>
                  </div>
                  <div
                    class="ant-col ant-form-item-control css-dev-only-do-not-override-1adbn6x"
                  >
                    <div
                      class="ant-form-item-control-input"
                    >
                      <div
                        class="ant-form-item-control-input-content"
                      >
                        <input
                          aria-required="true"
                          class="ant-input ant-input-disabled css-dev-only-do-not-override-1adbn6x"
                          disabled=""
                          id="city"
                          type="text"
                          value="City"
                        />
                      </div>
                    </div>
                  </div>
                </div>
              </div>
              <div
                class="ant-form-item xs:w-full xl:w-5/12 css-dev-only-do-not-override-1adbn6x"
              >
                <div
                  class="ant-row ant-form-item-row css-dev-only-do-not-override-1adbn6x"
                >
                  <div
                    class="ant-col ant-form-item-label css-dev-only-do-not-override-1adbn6x"
                  >
                    <label
                      class="ant-form-item-required"
                      for="state"
                      title="State"
                    >
                      State
                    </label>
                  </div>
                  <div
                    class="ant-col ant-form-item-control css-dev-only-do-not-override-1adbn6x"
                  >
                    <div
                      class="ant-form-item-control-input"
                    >
                      <div
                        class="ant-form-item-control-input-content"
                      >
                        <input
                          aria-required="true"
                          class="ant-input ant-input-disabled css-dev-only-do-not-override-1adbn6x"
                          disabled=""
                          id="state"
                          type="text"
                          value="State"
                        />
                      </div>
                    </div>
                  </div>
                </div>
              </div>
            </div>
            <div
              class="ant-form-item xs:w-full md:w-[48%] xl:w-5/12 css-dev-only-do-not-override-1adbn6x"
            >
              <div
                class="ant-row ant-form-item-row css-dev-only-do-not-override-1adbn6x"
              >
                <div
                  class="ant-col ant-form-item-label css-dev-only-do-not-override-1adbn6x"
                >
                  <label
                    class="ant-form-item-required"
                    for="country"
                    title="Country"
                  >
                    Country
                  </label>
                </div>
                <div
                  class="ant-col ant-form-item-control css-dev-only-do-not-override-1adbn6x"
                >
                  <div
                    class="ant-form-item-control-input"
                  >
                    <div
                      class="ant-form-item-control-input-content"
                    >
                      <input
                        aria-required="true"
                        class="ant-input ant-input-disabled css-dev-only-do-not-override-1adbn6x"
                        disabled=""
                        id="country"
                        type="text"
                        value="Country"
                      />
                    </div>
                  </div>
                </div>
              </div>
            </div>
          </div>
        </form>
        <div
          class="flex xs:gap-3 md:gap-6"
        >
          <button
            class="ant-btn css-dev-only-do-not-override-1adbn6x ant-btn-default"
            type="button"
          >
            <span>
              Edit Details
            </span>
          </button>
        </div>
      </div>
    </div>
  </div>
</DocumentFragment>
`;
