// Jest Snapshot v1, https://goo.gl/fbAQLP

exports[`ProfessionalInfoCard Snapshot test 1`] = `
<DocumentFragment>
  <div
    class="ant-card ant-card-bordered css-dev-only-do-not-override-1adbn6x"
  >
    <div
      class="ant-card-body"
    >
      <h1
        class="text-xl font-bold mb-6 undefined"
      >
        Professional Information
      </h1>
      <form
        class="ant-form ant-form-vertical css-dev-only-do-not-override-1adbn6x custom-form custom-form-profile w-full flex flex-col gap-2 mb-4"
      >
        <div
          class="flex xs:flex-col sm:flex-row xs:gap-2 sm:gap-6 sm:w-full md:w-9/12 xl:w-8/12"
        >
          <div
            class="ant-form-item xs:w-full xl:w-5/12 css-dev-only-do-not-override-1adbn6x"
          >
            <div
              class="ant-row ant-form-item-row css-dev-only-do-not-override-1adbn6x"
            >
              <div
                class="ant-col ant-form-item-label css-dev-only-do-not-override-1adbn6x"
              >
                <label
                  class="ant-form-item-required"
                  for="licenseNo"
                  title="License Number"
                >
                  License Number
                </label>
              </div>
              <div
                class="ant-col ant-form-item-control css-dev-only-do-not-override-1adbn6x"
              >
                <div
                  class="ant-form-item-control-input"
                >
                  <div
                    class="ant-form-item-control-input-content"
                  >
                    <input
                      aria-required="true"
                      class="ant-input ant-input-disabled css-dev-only-do-not-override-1adbn6x"
                      disabled=""
                      id="licenseNo"
                      type="number"
                      value="1234"
                    />
                  </div>
                </div>
              </div>
            </div>
          </div>
          <div
            class="ant-form-item xs:w-full xl:w-5/12 css-dev-only-do-not-override-1adbn6x"
          >
            <div
              class="ant-row ant-form-item-row css-dev-only-do-not-override-1adbn6x"
            >
              <div
                class="ant-col ant-form-item-label css-dev-only-do-not-override-1adbn6x"
              >
                <label
                  class="ant-form-item-required"
                  for="speciality"
                  title="Speciality"
                >
                  Speciality
                </label>
              </div>
              <div
                class="ant-col ant-form-item-control css-dev-only-do-not-override-1adbn6x"
              >
                <div
                  class="ant-form-item-control-input"
                >
                  <div
                    class="ant-form-item-control-input-content"
                  >
                    <input
                      aria-required="true"
                      class="ant-input ant-input-disabled css-dev-only-do-not-override-1adbn6x"
                      disabled=""
                      id="speciality"
                      type="text"
                      value="Cardiology"
                    />
                  </div>
                </div>
              </div>
            </div>
          </div>
        </div>
        <div
          class="flex xs:flex-col sm:flex-row xs:gap-2 sm:gap-6 sm:w-full md:w-9/12 xl:w-8/12"
        >
          <div
            class="ant-form-item xs:w-full xl:w-5/12 css-dev-only-do-not-override-1adbn6x"
          >
            <div
              class="ant-row ant-form-item-row css-dev-only-do-not-override-1adbn6x"
            >
              <div
                class="ant-col ant-form-item-label css-dev-only-do-not-override-1adbn6x"
              >
                <label
                  class="ant-form-item-required"
                  for="experience"
                  title="Experience"
                >
                  Experience
                </label>
              </div>
              <div
                class="ant-col ant-form-item-control css-dev-only-do-not-override-1adbn6x"
              >
                <div
                  class="ant-form-item-control-input"
                >
                  <div
                    class="ant-form-item-control-input-content"
                  >
                    <input
                      aria-required="true"
                      class="ant-input ant-input-disabled css-dev-only-do-not-override-1adbn6x"
                      disabled=""
                      id="experience"
                      type="number"
                      value="5"
                    />
                  </div>
                </div>
              </div>
            </div>
          </div>
          <div
            class="ant-form-item xs:w-full xl:w-5/12 css-dev-only-do-not-override-1adbn6x"
          >
            <div
              class="ant-row ant-form-item-row css-dev-only-do-not-override-1adbn6x"
            >
              <div
                class="ant-col ant-form-item-label css-dev-only-do-not-override-1adbn6x"
              >
                <label
                  class="ant-form-item-required"
                  for="organizationType"
                  title="Organization Type"
                >
                  Organization Type
                </label>
              </div>
              <div
                class="ant-col ant-form-item-control css-dev-only-do-not-override-1adbn6x"
              >
                <div
                  class="ant-form-item-control-input"
                >
                  <div
                    class="ant-form-item-control-input-content"
                  >
                    <div
                      aria-required="true"
                      class="ant-select ant-select-in-form-item css-dev-only-do-not-override-1adbn6x ant-select-single ant-select-show-arrow ant-select-disabled"
                    >
                      <div
                        class="ant-select-selector"
                      >
                        <span
                          class="ant-select-selection-search"
                        >
                          <input
                            aria-autocomplete="list"
                            aria-controls="organizationType_list"
                            aria-expanded="false"
                            aria-haspopup="listbox"
                            aria-owns="organizationType_list"
                            aria-required="true"
                            autocomplete="off"
                            class="ant-select-selection-search-input"
                            disabled=""
                            id="organizationType"
                            readonly=""
                            role="combobox"
                            style="opacity: 0;"
                            type="search"
                            unselectable="on"
                            value=""
                          />
                        </span>
                        <span
                          class="ant-select-selection-item"
                          title="Hospital"
                        >
                          Hospital
                        </span>
                      </div>
                      <span
                        aria-hidden="true"
                        class="ant-select-arrow"
                        style="user-select: none;"
                        unselectable="on"
                      >
                        <span
                          aria-label="down"
                          class="anticon anticon-down ant-select-suffix"
                          role="img"
                        >
                          <svg
                            aria-hidden="true"
                            data-icon="down"
                            fill="currentColor"
                            focusable="false"
                            height="1em"
                            viewBox="64 64 896 896"
                            width="1em"
                          >
                            <path
                              d="M884 256h-75c-5.1 0-9.9 2.5-12.9 6.6L512 654.2 227.9 262.6c-3-4.1-7.8-6.6-12.9-6.6h-75c-6.5 0-10.3 7.4-6.5 12.7l352.6 486.1c12.8 17.6 39 17.6 51.7 0l352.6-486.1c3.9-5.3.1-12.7-6.4-12.7z"
                            />
                          </svg>
                        </span>
                      </span>
                    </div>
                  </div>
                </div>
              </div>
            </div>
          </div>
        </div>
        <div
          class="ant-form-item xs:full sm:w-[49%] md:w-[36%] xl:w-[28%] css-dev-only-do-not-override-1adbn6x"
        >
          <div
            class="ant-row ant-form-item-row css-dev-only-do-not-override-1adbn6x"
          >
            <div
              class="ant-col ant-form-item-label css-dev-only-do-not-override-1adbn6x"
            >
              <label
                class="ant-form-item-required"
                for="organizationName"
                title="Organization Name"
              >
                Organization Name
              </label>
            </div>
            <div
              class="ant-col ant-form-item-control css-dev-only-do-not-override-1adbn6x"
            >
              <div
                class="ant-form-item-control-input"
              >
                <div
                  class="ant-form-item-control-input-content"
                >
                  <input
                    aria-required="true"
                    class="ant-input ant-input-disabled css-dev-only-do-not-override-1adbn6x"
                    disabled=""
                    id="organizationName"
                    type="text"
                    value="ABC Hospital"
                  />
                </div>
              </div>
            </div>
          </div>
        </div>
      </form>
      <div
        class="ant-space css-dev-only-do-not-override-1adbn6x ant-space-horizontal ant-space-align-center ant-space-gap-row-small ant-space-gap-col-small"
      >
        <div
          class="ant-space-item"
        >
          <button
            class="ant-btn css-dev-only-do-not-override-1adbn6x ant-btn-default"
            type="button"
          >
            <span>
              Edit Details
            </span>
          </button>
        </div>
      </div>
    </div>
  </div>
</DocumentFragment>
`;
