// Jest Snapshot v1, https://goo.gl/fbAQLP

exports[`Error Boundary tests Renders children of Error boundary when there is no error 1`] = `
<DocumentFragment>
  <div
    class="flex flex-col gap-1 justify-center items-center"
  >
    <h2
      class="text-lg font-bold"
    >
      Something went wrong
    </h2>
  </div>
</DocumentFragment>
`;
