// Jest Snapshot v1, https://goo.gl/fbAQLP

exports[`PopModal Component Snapshot test 1`] = `<DocumentFragment />`;
